nohup: ignoring input
2026-07-20 01:09:45,494 (__init__.py:1083 MainThread) ERROR - TeleBot: "Threaded polling exception: A request to the Telegram API was unsuccessful. Error code: 409. Description: Conflict: terminated by other getUpdates request; make sure that only one bot instance is running"
2026-07-20 01:09:45,494 (__init__.py:1085 MainThread) ERROR - TeleBot: "Exception traceback:
Traceback (most recent call last):
  File "/home/vsmwrurd/virtualenv/ai_registration_engine/3.9/lib/python3.9/site-packages/telebot/__init__.py", line 1073, in __threaded_polling
    polling_thread.raise_exceptions()
  File "/home/vsmwrurd/virtualenv/ai_registration_engine/3.9/lib/python3.9/site-packages/telebot/util.py", line 108, in raise_exceptions
    raise self.exception_info
  File "/home/vsmwrurd/virtualenv/ai_registration_engine/3.9/lib/python3.9/site-packages/telebot/util.py", line 90, in run
    task(*args, **kwargs)
  File "/home/vsmwrurd/virtualenv/ai_registration_engine/3.9/lib/python3.9/site-packages/telebot/__init__.py", line 649, in __retrieve_updates
    updates = self.get_updates(offset=(self.last_update_id + 1),
  File "/home/vsmwrurd/virtualenv/ai_registration_engine/3.9/lib/python3.9/site-packages/telebot/__init__.py", line 623, in get_updates
    json_updates = apihelper.get_updates(self.token, offset, limit, timeout, allowed_updates, long_polling_timeout)
  File "/home/vsmwrurd/virtualenv/ai_registration_engine/3.9/lib/python3.9/site-packages/telebot/apihelper.py", line 321, in get_updates
    return _make_request(token, method_url, params=payload)
  File "/home/vsmwrurd/virtualenv/ai_registration_engine/3.9/lib/python3.9/site-packages/telebot/apihelper.py", line 162, in _make_request
    json_result = _check_result(method_name, result)
  File "/home/vsmwrurd/virtualenv/ai_registration_engine/3.9/lib/python3.9/site-packages/telebot/apihelper.py", line 189, in _check_result
    raise ApiTelegramException(method_name, result, result_json)
telebot.apihelper.ApiTelegramException: A request to the Telegram API was unsuccessful. Error code: 409. Description: Conflict: terminated by other getUpdates request; make sure that only one bot instance is running
"
2026-07-20 01:09:49,742 (__init__.py:1083 MainThread) ERROR - TeleBot: "Threaded polling exception: A request to the Telegram API was unsuccessful. Error code: 409. Description: Conflict: terminated by other getUpdates request; make sure that only one bot instance is running"
2026-07-20 01:09:49,743 (__init__.py:1085 MainThread) ERROR - TeleBot: "Exception traceback:
Traceback (most recent call last):
  File "/home/vsmwrurd/virtualenv/ai_registration_engine/3.9/lib/python3.9/site-packages/telebot/__init__.py", line 1073, in __threaded_polling
    polling_thread.raise_exceptions()
  File "/home/vsmwrurd/virtualenv/ai_registration_engine/3.9/lib/python3.9/site-packages/telebot/util.py", line 108, in raise_exceptions
    raise self.exception_info
  File "/home/vsmwrurd/virtualenv/ai_registration_engine/3.9/lib/python3.9/site-packages/telebot/util.py", line 90, in run
    task(*args, **kwargs)
  File "/home/vsmwrurd/virtualenv/ai_registration_engine/3.9/lib/python3.9/site-packages/telebot/__init__.py", line 649, in __retrieve_updates
    updates = self.get_updates(offset=(self.last_update_id + 1),
  File "/home/vsmwrurd/virtualenv/ai_registration_engine/3.9/lib/python3.9/site-packages/telebot/__init__.py", line 623, in get_updates
    json_updates = apihelper.get_updates(self.token, offset, limit, timeout, allowed_updates, long_polling_timeout)
  File "/home/vsmwrurd/virtualenv/ai_registration_engine/3.9/lib/python3.9/site-packages/telebot/apihelper.py", line 321, in get_updates
    return _make_request(token, method_url, params=payload)
  File "/home/vsmwrurd/virtualenv/ai_registration_engine/3.9/lib/python3.9/site-packages/telebot/apihelper.py", line 162, in _make_request
    json_result = _check_result(method_name, result)
  File "/home/vsmwrurd/virtualenv/ai_registration_engine/3.9/lib/python3.9/site-packages/telebot/apihelper.py", line 189, in _check_result
    raise ApiTelegramException(method_name, result, result_json)
telebot.apihelper.ApiTelegramException: A request to the Telegram API was unsuccessful. Error code: 409. Description: Conflict: terminated by other getUpdates request; make sure that only one bot instance is running
"
2026-07-20 01:09:54,716 (__init__.py:1083 MainThread) ERROR - TeleBot: "Threaded polling exception: A request to the Telegram API was unsuccessful. Error code: 409. Description: Conflict: terminated by other getUpdates request; make sure that only one bot instance is running"
2026-07-20 01:09:54,716 (__init__.py:1085 MainThread) ERROR - TeleBot: "Exception traceback:
Traceback (most recent call last):
  File "/home/vsmwrurd/virtualenv/ai_registration_engine/3.9/lib/python3.9/site-packages/telebot/__init__.py", line 1073, in __threaded_polling
    polling_thread.raise_exceptions()
  File "/home/vsmwrurd/virtualenv/ai_registration_engine/3.9/lib/python3.9/site-packages/telebot/util.py", line 108, in raise_exceptions
    raise self.exception_info
  File "/home/vsmwrurd/virtualenv/ai_registration_engine/3.9/lib/python3.9/site-packages/telebot/util.py", line 90, in run
    task(*args, **kwargs)
  File "/home/vsmwrurd/virtualenv/ai_registration_engine/3.9/lib/python3.9/site-packages/telebot/__init__.py", line 649, in __retrieve_updates
    updates = self.get_updates(offset=(self.last_update_id + 1),
  File "/home/vsmwrurd/virtualenv/ai_registration_engine/3.9/lib/python3.9/site-packages/telebot/__init__.py", line 623, in get_updates
    json_updates = apihelper.get_updates(self.token, offset, limit, timeout, allowed_updates, long_polling_timeout)
  File "/home/vsmwrurd/virtualenv/ai_registration_engine/3.9/lib/python3.9/site-packages/telebot/apihelper.py", line 321, in get_updates
    return _make_request(token, method_url, params=payload)
  File "/home/vsmwrurd/virtualenv/ai_registration_engine/3.9/lib/python3.9/site-packages/telebot/apihelper.py", line 162, in _make_request
    json_result = _check_result(method_name, result)
  File "/home/vsmwrurd/virtualenv/ai_registration_engine/3.9/lib/python3.9/site-packages/telebot/apihelper.py", line 189, in _check_result
    raise ApiTelegramException(method_name, result, result_json)
telebot.apihelper.ApiTelegramException: A request to the Telegram API was unsuccessful. Error code: 409. Description: Conflict: terminated by other getUpdates request; make sure that only one bot instance is running
"
2026-07-20 01:10:01,203 (__init__.py:1083 MainThread) ERROR - TeleBot: "Threaded polling exception: A request to the Telegram API was unsuccessful. Error code: 409. Description: Conflict: terminated by other getUpdates request; make sure that only one bot instance is running"
2026-07-20 01:10:01,203 (__init__.py:1085 MainThread) ERROR - TeleBot: "Exception traceback:
Traceback (most recent call last):
  File "/home/vsmwrurd/virtualenv/ai_registration_engine/3.9/lib/python3.9/site-packages/telebot/__init__.py", line 1073, in __threaded_polling
    polling_thread.raise_exceptions()
  File "/home/vsmwrurd/virtualenv/ai_registration_engine/3.9/lib/python3.9/site-packages/telebot/util.py", line 108, in raise_exceptions
    raise self.exception_info
  File "/home/vsmwrurd/virtualenv/ai_registration_engine/3.9/lib/python3.9/site-packages/telebot/util.py", line 90, in run
    task(*args, **kwargs)
  File "/home/vsmwrurd/virtualenv/ai_registration_engine/3.9/lib/python3.9/site-packages/telebot/__init__.py", line 649, in __retrieve_updates
    updates = self.get_updates(offset=(self.last_update_id + 1),
  File "/home/vsmwrurd/virtualenv/ai_registration_engine/3.9/lib/python3.9/site-packages/telebot/__init__.py", line 623, in get_updates
    json_updates = apihelper.get_updates(self.token, offset, limit, timeout, allowed_updates, long_polling_timeout)
  File "/home/vsmwrurd/virtualenv/ai_registration_engine/3.9/lib/python3.9/site-packages/telebot/apihelper.py", line 321, in get_updates
    return _make_request(token, method_url, params=payload)
  File "/home/vsmwrurd/virtualenv/ai_registration_engine/3.9/lib/python3.9/site-packages/telebot/apihelper.py", line 162, in _make_request
    json_result = _check_result(method_name, result)
  File "/home/vsmwrurd/virtualenv/ai_registration_engine/3.9/lib/python3.9/site-packages/telebot/apihelper.py", line 189, in _check_result
    raise ApiTelegramException(method_name, result, result_json)
telebot.apihelper.ApiTelegramException: A request to the Telegram API was unsuccessful. Error code: 409. Description: Conflict: terminated by other getUpdates request; make sure that only one bot instance is running
"
2026-07-20 01:10:07,717 (__init__.py:1083 MainThread) ERROR - TeleBot: "Threaded polling exception: A request to the Telegram API was unsuccessful. Error code: 409. Description: Conflict: terminated by other getUpdates request; make sure that only one bot instance is running"
2026-07-20 01:10:07,717 (__init__.py:1085 MainThread) ERROR - TeleBot: "Exception traceback:
Traceback (most recent call last):
  File "/home/vsmwrurd/virtualenv/ai_registration_engine/3.9/lib/python3.9/site-packages/telebot/__init__.py", line 1073, in __threaded_polling
    polling_thread.raise_exceptions()
  File "/home/vsmwrurd/virtualenv/ai_registration_engine/3.9/lib/python3.9/site-packages/telebot/util.py", line 108, in raise_exceptions
    raise self.exception_info
  File "/home/vsmwrurd/virtualenv/ai_registration_engine/3.9/lib/python3.9/site-packages/telebot/util.py", line 90, in run
    task(*args, **kwargs)
  File "/home/vsmwrurd/virtualenv/ai_registration_engine/3.9/lib/python3.9/site-packages/telebot/__init__.py", line 649, in __retrieve_updates
    updates = self.get_updates(offset=(self.last_update_id + 1),
  File "/home/vsmwrurd/virtualenv/ai_registration_engine/3.9/lib/python3.9/site-packages/telebot/__init__.py", line 623, in get_updates
    json_updates = apihelper.get_updates(self.token, offset, limit, timeout, allowed_updates, long_polling_timeout)
  File "/home/vsmwrurd/virtualenv/ai_registration_engine/3.9/lib/python3.9/site-packages/telebot/apihelper.py", line 321, in get_updates
    return _make_request(token, method_url, params=payload)
  File "/home/vsmwrurd/virtualenv/ai_registration_engine/3.9/lib/python3.9/site-packages/telebot/apihelper.py", line 162, in _make_request
    json_result = _check_result(method_name, result)
  File "/home/vsmwrurd/virtualenv/ai_registration_engine/3.9/lib/python3.9/site-packages/telebot/apihelper.py", line 189, in _check_result
    raise ApiTelegramException(method_name, result, result_json)
telebot.apihelper.ApiTelegramException: A request to the Telegram API was unsuccessful. Error code: 409. Description: Conflict: terminated by other getUpdates request; make sure that only one bot instance is running
"
2026-07-20 01:10:20,215 (__init__.py:1083 MainThread) ERROR - TeleBot: "Threaded polling exception: A request to the Telegram API was unsuccessful. Error code: 409. Description: Conflict: terminated by other getUpdates request; make sure that only one bot instance is running"
2026-07-20 01:10:20,215 (__init__.py:1085 MainThread) ERROR - TeleBot: "Exception traceback:
Traceback (most recent call last):
  File "/home/vsmwrurd/virtualenv/ai_registration_engine/3.9/lib/python3.9/site-packages/telebot/__init__.py", line 1073, in __threaded_polling
    polling_thread.raise_exceptions()
  File "/home/vsmwrurd/virtualenv/ai_registration_engine/3.9/lib/python3.9/site-packages/telebot/util.py", line 108, in raise_exceptions
    raise self.exception_info
  File "/home/vsmwrurd/virtualenv/ai_registration_engine/3.9/lib/python3.9/site-packages/telebot/util.py", line 90, in run
    task(*args, **kwargs)
  File "/home/vsmwrurd/virtualenv/ai_registration_engine/3.9/lib/python3.9/site-packages/telebot/__init__.py", line 649, in __retrieve_updates
    updates = self.get_updates(offset=(self.last_update_id + 1),
  File "/home/vsmwrurd/virtualenv/ai_registration_engine/3.9/lib/python3.9/site-packages/telebot/__init__.py", line 623, in get_updates
    json_updates = apihelper.get_updates(self.token, offset, limit, timeout, allowed_updates, long_polling_timeout)
  File "/home/vsmwrurd/virtualenv/ai_registration_engine/3.9/lib/python3.9/site-packages/telebot/apihelper.py", line 321, in get_updates
    return _make_request(token, method_url, params=payload)
  File "/home/vsmwrurd/virtualenv/ai_registration_engine/3.9/lib/python3.9/site-packages/telebot/apihelper.py", line 162, in _make_request
    json_result = _check_result(method_name, result)
  File "/home/vsmwrurd/virtualenv/ai_registration_engine/3.9/lib/python3.9/site-packages/telebot/apihelper.py", line 189, in _check_result
    raise ApiTelegramException(method_name, result, result_json)
telebot.apihelper.ApiTelegramException: A request to the Telegram API was unsuccessful. Error code: 409. Description: Conflict: terminated by other getUpdates request; make sure that only one bot instance is running
"
2026-07-20 01:10:44,721 (__init__.py:1083 MainThread) ERROR - TeleBot: "Threaded polling exception: A request to the Telegram API was unsuccessful. Error code: 409. Description: Conflict: terminated by other getUpdates request; make sure that only one bot instance is running"
2026-07-20 01:10:44,721 (__init__.py:1085 MainThread) ERROR - TeleBot: "Exception traceback:
Traceback (most recent call last):
  File "/home/vsmwrurd/virtualenv/ai_registration_engine/3.9/lib/python3.9/site-packages/telebot/__init__.py", line 1073, in __threaded_polling
    polling_thread.raise_exceptions()
  File "/home/vsmwrurd/virtualenv/ai_registration_engine/3.9/lib/python3.9/site-packages/telebot/util.py", line 108, in raise_exceptions
    raise self.exception_info
  File "/home/vsmwrurd/virtualenv/ai_registration_engine/3.9/lib/python3.9/site-packages/telebot/util.py", line 90, in run
    task(*args, **kwargs)
  File "/home/vsmwrurd/virtualenv/ai_registration_engine/3.9/lib/python3.9/site-packages/telebot/__init__.py", line 649, in __retrieve_updates
    updates = self.get_updates(offset=(self.last_update_id + 1),
  File "/home/vsmwrurd/virtualenv/ai_registration_engine/3.9/lib/python3.9/site-packages/telebot/__init__.py", line 623, in get_updates
    json_updates = apihelper.get_updates(self.token, offset, limit, timeout, allowed_updates, long_polling_timeout)
  File "/home/vsmwrurd/virtualenv/ai_registration_engine/3.9/lib/python3.9/site-packages/telebot/apihelper.py", line 321, in get_updates
    return _make_request(token, method_url, params=payload)
  File "/home/vsmwrurd/virtualenv/ai_registration_engine/3.9/lib/python3.9/site-packages/telebot/apihelper.py", line 162, in _make_request
    json_result = _check_result(method_name, result)
  File "/home/vsmwrurd/virtualenv/ai_registration_engine/3.9/lib/python3.9/site-packages/telebot/apihelper.py", line 189, in _check_result
    raise ApiTelegramException(method_name, result, result_json)
telebot.apihelper.ApiTelegramException: A request to the Telegram API was unsuccessful. Error code: 409. Description: Conflict: terminated by other getUpdates request; make sure that only one bot instance is running
"
2026-07-20 01:11:33,257 (__init__.py:1083 MainThread) ERROR - TeleBot: "Threaded polling exception: A request to the Telegram API was unsuccessful. Error code: 409. Description: Conflict: terminated by other getUpdates request; make sure that only one bot instance is running"
2026-07-20 01:11:33,257 (__init__.py:1085 MainThread) ERROR - TeleBot: "Exception traceback:
Traceback (most recent call last):
  File "/home/vsmwrurd/virtualenv/ai_registration_engine/3.9/lib/python3.9/site-packages/telebot/__init__.py", line 1073, in __threaded_polling
    polling_thread.raise_exceptions()
  File "/home/vsmwrurd/virtualenv/ai_registration_engine/3.9/lib/python3.9/site-packages/telebot/util.py", line 108, in raise_exceptions
    raise self.exception_info
  File "/home/vsmwrurd/virtualenv/ai_registration_engine/3.9/lib/python3.9/site-packages/telebot/util.py", line 90, in run
    task(*args, **kwargs)
  File "/home/vsmwrurd/virtualenv/ai_registration_engine/3.9/lib/python3.9/site-packages/telebot/__init__.py", line 649, in __retrieve_updates
    updates = self.get_updates(offset=(self.last_update_id + 1),
  File "/home/vsmwrurd/virtualenv/ai_registration_engine/3.9/lib/python3.9/site-packages/telebot/__init__.py", line 623, in get_updates
    json_updates = apihelper.get_updates(self.token, offset, limit, timeout, allowed_updates, long_polling_timeout)
  File "/home/vsmwrurd/virtualenv/ai_registration_engine/3.9/lib/python3.9/site-packages/telebot/apihelper.py", line 321, in get_updates
    return _make_request(token, method_url, params=payload)
  File "/home/vsmwrurd/virtualenv/ai_registration_engine/3.9/lib/python3.9/site-packages/telebot/apihelper.py", line 162, in _make_request
    json_result = _check_result(method_name, result)
  File "/home/vsmwrurd/virtualenv/ai_registration_engine/3.9/lib/python3.9/site-packages/telebot/apihelper.py", line 189, in _check_result
    raise ApiTelegramException(method_name, result, result_json)
telebot.apihelper.ApiTelegramException: A request to the Telegram API was unsuccessful. Error code: 409. Description: Conflict: terminated by other getUpdates request; make sure that only one bot instance is running
"
2026-07-20 01:12:37,049 (__init__.py:1083 MainThread) ERROR - TeleBot: "Threaded polling exception: A request to the Telegram API was unsuccessful. Error code: 409. Description: Conflict: terminated by other getUpdates request; make sure that only one bot instance is running"
2026-07-20 01:12:37,049 (__init__.py:1085 MainThread) ERROR - TeleBot: "Exception traceback:
Traceback (most recent call last):
  File "/home/vsmwrurd/virtualenv/ai_registration_engine/3.9/lib/python3.9/site-packages/telebot/__init__.py", line 1073, in __threaded_polling
    polling_thread.raise_exceptions()
  File "/home/vsmwrurd/virtualenv/ai_registration_engine/3.9/lib/python3.9/site-packages/telebot/util.py", line 108, in raise_exceptions
    raise self.exception_info
  File "/home/vsmwrurd/virtualenv/ai_registration_engine/3.9/lib/python3.9/site-packages/telebot/util.py", line 90, in run
    task(*args, **kwargs)
  File "/home/vsmwrurd/virtualenv/ai_registration_engine/3.9/lib/python3.9/site-packages/telebot/__init__.py", line 649, in __retrieve_updates
    updates = self.get_updates(offset=(self.last_update_id + 1),
  File "/home/vsmwrurd/virtualenv/ai_registration_engine/3.9/lib/python3.9/site-packages/telebot/__init__.py", line 623, in get_updates
    json_updates = apihelper.get_updates(self.token, offset, limit, timeout, allowed_updates, long_polling_timeout)
  File "/home/vsmwrurd/virtualenv/ai_registration_engine/3.9/lib/python3.9/site-packages/telebot/apihelper.py", line 321, in get_updates
    return _make_request(token, method_url, params=payload)
  File "/home/vsmwrurd/virtualenv/ai_registration_engine/3.9/lib/python3.9/site-packages/telebot/apihelper.py", line 162, in _make_request
    json_result = _check_result(method_name, result)
  File "/home/vsmwrurd/virtualenv/ai_registration_engine/3.9/lib/python3.9/site-packages/telebot/apihelper.py", line 189, in _check_result
    raise ApiTelegramException(method_name, result, result_json)
telebot.apihelper.ApiTelegramException: A request to the Telegram API was unsuccessful. Error code: 409. Description: Conflict: terminated by other getUpdates request; make sure that only one bot instance is running
"
2026-07-20 01:13:40,837 (__init__.py:1083 MainThread) ERROR - TeleBot: "Threaded polling exception: A request to the Telegram API was unsuccessful. Error code: 409. Description: Conflict: terminated by other getUpdates request; make sure that only one bot instance is running"
2026-07-20 01:13:40,837 (__init__.py:1085 MainThread) ERROR - TeleBot: "Exception traceback:
Traceback (most recent call last):
  File "/home/vsmwrurd/virtualenv/ai_registration_engine/3.9/lib/python3.9/site-packages/telebot/__init__.py", line 1073, in __threaded_polling
    polling_thread.raise_exceptions()
  File "/home/vsmwrurd/virtualenv/ai_registration_engine/3.9/lib/python3.9/site-packages/telebot/util.py", line 108, in raise_exceptions
    raise self.exception_info
  File "/home/vsmwrurd/virtualenv/ai_registration_engine/3.9/lib/python3.9/site-packages/telebot/util.py", line 90, in run
    task(*args, **kwargs)
  File "/home/vsmwrurd/virtualenv/ai_registration_engine/3.9/lib/python3.9/site-packages/telebot/__init__.py", line 649, in __retrieve_updates
    updates = self.get_updates(offset=(self.last_update_id + 1),
  File "/home/vsmwrurd/virtualenv/ai_registration_engine/3.9/lib/python3.9/site-packages/telebot/__init__.py", line 623, in get_updates
    json_updates = apihelper.get_updates(self.token, offset, limit, timeout, allowed_updates, long_polling_timeout)
  File "/home/vsmwrurd/virtualenv/ai_registration_engine/3.9/lib/python3.9/site-packages/telebot/apihelper.py", line 321, in get_updates
    return _make_request(token, method_url, params=payload)
  File "/home/vsmwrurd/virtualenv/ai_registration_engine/3.9/lib/python3.9/site-packages/telebot/apihelper.py", line 162, in _make_request
    json_result = _check_result(method_name, result)
  File "/home/vsmwrurd/virtualenv/ai_registration_engine/3.9/lib/python3.9/site-packages/telebot/apihelper.py", line 189, in _check_result
    raise ApiTelegramException(method_name, result, result_json)
telebot.apihelper.ApiTelegramException: A request to the Telegram API was unsuccessful. Error code: 409. Description: Conflict: terminated by other getUpdates request; make sure that only one bot instance is running
"
2026-07-20 01:14:44,633 (__init__.py:1083 MainThread) ERROR - TeleBot: "Threaded polling exception: A request to the Telegram API was unsuccessful. Error code: 409. Description: Conflict: terminated by other getUpdates request; make sure that only one bot instance is running"
2026-07-20 01:14:44,634 (__init__.py:1085 MainThread) ERROR - TeleBot: "Exception traceback:
Traceback (most recent call last):
  File "/home/vsmwrurd/virtualenv/ai_registration_engine/3.9/lib/python3.9/site-packages/telebot/__init__.py", line 1073, in __threaded_polling
    polling_thread.raise_exceptions()
  File "/home/vsmwrurd/virtualenv/ai_registration_engine/3.9/lib/python3.9/site-packages/telebot/util.py", line 108, in raise_exceptions
    raise self.exception_info
  File "/home/vsmwrurd/virtualenv/ai_registration_engine/3.9/lib/python3.9/site-packages/telebot/util.py", line 90, in run
    task(*args, **kwargs)
  File "/home/vsmwrurd/virtualenv/ai_registration_engine/3.9/lib/python3.9/site-packages/telebot/__init__.py", line 649, in __retrieve_updates
    updates = self.get_updates(offset=(self.last_update_id + 1),
  File "/home/vsmwrurd/virtualenv/ai_registration_engine/3.9/lib/python3.9/site-packages/telebot/__init__.py", line 623, in get_updates
    json_updates = apihelper.get_updates(self.token, offset, limit, timeout, allowed_updates, long_polling_timeout)
  File "/home/vsmwrurd/virtualenv/ai_registration_engine/3.9/lib/python3.9/site-packages/telebot/apihelper.py", line 321, in get_updates
    return _make_request(token, method_url, params=payload)
  File "/home/vsmwrurd/virtualenv/ai_registration_engine/3.9/lib/python3.9/site-packages/telebot/apihelper.py", line 162, in _make_request
    json_result = _check_result(method_name, result)
  File "/home/vsmwrurd/virtualenv/ai_registration_engine/3.9/lib/python3.9/site-packages/telebot/apihelper.py", line 189, in _check_result
    raise ApiTelegramException(method_name, result, result_json)
telebot.apihelper.ApiTelegramException: A request to the Telegram API was unsuccessful. Error code: 409. Description: Conflict: terminated by other getUpdates request; make sure that only one bot instance is running
"
2026-07-20 01:15:48,428 (__init__.py:1083 MainThread) ERROR - TeleBot: "Threaded polling exception: A request to the Telegram API was unsuccessful. Error code: 409. Description: Conflict: terminated by other getUpdates request; make sure that only one bot instance is running"
2026-07-20 01:15:48,428 (__init__.py:1085 MainThread) ERROR - TeleBot: "Exception traceback:
Traceback (most recent call last):
  File "/home/vsmwrurd/virtualenv/ai_registration_engine/3.9/lib/python3.9/site-packages/telebot/__init__.py", line 1073, in __threaded_polling
    polling_thread.raise_exceptions()
  File "/home/vsmwrurd/virtualenv/ai_registration_engine/3.9/lib/python3.9/site-packages/telebot/util.py", line 108, in raise_exceptions
    raise self.exception_info
  File "/home/vsmwrurd/virtualenv/ai_registration_engine/3.9/lib/python3.9/site-packages/telebot/util.py", line 90, in run
    task(*args, **kwargs)
  File "/home/vsmwrurd/virtualenv/ai_registration_engine/3.9/lib/python3.9/site-packages/telebot/__init__.py", line 649, in __retrieve_updates
    updates = self.get_updates(offset=(self.last_update_id + 1),
  File "/home/vsmwrurd/virtualenv/ai_registration_engine/3.9/lib/python3.9/site-packages/telebot/__init__.py", line 623, in get_updates
    json_updates = apihelper.get_updates(self.token, offset, limit, timeout, allowed_updates, long_polling_timeout)
  File "/home/vsmwrurd/virtualenv/ai_registration_engine/3.9/lib/python3.9/site-packages/telebot/apihelper.py", line 321, in get_updates
    return _make_request(token, method_url, params=payload)
  File "/home/vsmwrurd/virtualenv/ai_registration_engine/3.9/lib/python3.9/site-packages/telebot/apihelper.py", line 162, in _make_request
    json_result = _check_result(method_name, result)
  File "/home/vsmwrurd/virtualenv/ai_registration_engine/3.9/lib/python3.9/site-packages/telebot/apihelper.py", line 189, in _check_result
    raise ApiTelegramException(method_name, result, result_json)
telebot.apihelper.ApiTelegramException: A request to the Telegram API was unsuccessful. Error code: 409. Description: Conflict: terminated by other getUpdates request; make sure that only one bot instance is running
"
2026-07-20 01:16:52,686 (__init__.py:1083 MainThread) ERROR - TeleBot: "Threaded polling exception: A request to the Telegram API was unsuccessful. Error code: 409. Description: Conflict: terminated by other getUpdates request; make sure that only one bot instance is running"
2026-07-20 01:16:52,687 (__init__.py:1085 MainThread) ERROR - TeleBot: "Exception traceback:
Traceback (most recent call last):
  File "/home/vsmwrurd/virtualenv/ai_registration_engine/3.9/lib/python3.9/site-packages/telebot/__init__.py", line 1073, in __threaded_polling
    polling_thread.raise_exceptions()
  File "/home/vsmwrurd/virtualenv/ai_registration_engine/3.9/lib/python3.9/site-packages/telebot/util.py", line 108, in raise_exceptions
    raise self.exception_info
  File "/home/vsmwrurd/virtualenv/ai_registration_engine/3.9/lib/python3.9/site-packages/telebot/util.py", line 90, in run
    task(*args, **kwargs)
  File "/home/vsmwrurd/virtualenv/ai_registration_engine/3.9/lib/python3.9/site-packages/telebot/__init__.py", line 649, in __retrieve_updates
    updates = self.get_updates(offset=(self.last_update_id + 1),
  File "/home/vsmwrurd/virtualenv/ai_registration_engine/3.9/lib/python3.9/site-packages/telebot/__init__.py", line 623, in get_updates
    json_updates = apihelper.get_updates(self.token, offset, limit, timeout, allowed_updates, long_polling_timeout)
  File "/home/vsmwrurd/virtualenv/ai_registration_engine/3.9/lib/python3.9/site-packages/telebot/apihelper.py", line 321, in get_updates
    return _make_request(token, method_url, params=payload)
  File "/home/vsmwrurd/virtualenv/ai_registration_engine/3.9/lib/python3.9/site-packages/telebot/apihelper.py", line 162, in _make_request
    json_result = _check_result(method_name, result)
  File "/home/vsmwrurd/virtualenv/ai_registration_engine/3.9/lib/python3.9/site-packages/telebot/apihelper.py", line 189, in _check_result
    raise ApiTelegramException(method_name, result, result_json)
telebot.apihelper.ApiTelegramException: A request to the Telegram API was unsuccessful. Error code: 409. Description: Conflict: terminated by other getUpdates request; make sure that only one bot instance is running
"
2026-07-20 01:17:56,472 (__init__.py:1083 MainThread) ERROR - TeleBot: "Threaded polling exception: A request to the Telegram API was unsuccessful. Error code: 409. Description: Conflict: terminated by other getUpdates request; make sure that only one bot instance is running"
2026-07-20 01:17:56,472 (__init__.py:1085 MainThread) ERROR - TeleBot: "Exception traceback:
Traceback (most recent call last):
  File "/home/vsmwrurd/virtualenv/ai_registration_engine/3.9/lib/python3.9/site-packages/telebot/__init__.py", line 1073, in __threaded_polling
    polling_thread.raise_exceptions()
  File "/home/vsmwrurd/virtualenv/ai_registration_engine/3.9/lib/python3.9/site-packages/telebot/util.py", line 108, in raise_exceptions
    raise self.exception_info
  File "/home/vsmwrurd/virtualenv/ai_registration_engine/3.9/lib/python3.9/site-packages/telebot/util.py", line 90, in run
    task(*args, **kwargs)
  File "/home/vsmwrurd/virtualenv/ai_registration_engine/3.9/lib/python3.9/site-packages/telebot/__init__.py", line 649, in __retrieve_updates
    updates = self.get_updates(offset=(self.last_update_id + 1),
  File "/home/vsmwrurd/virtualenv/ai_registration_engine/3.9/lib/python3.9/site-packages/telebot/__init__.py", line 623, in get_updates
    json_updates = apihelper.get_updates(self.token, offset, limit, timeout, allowed_updates, long_polling_timeout)
  File "/home/vsmwrurd/virtualenv/ai_registration_engine/3.9/lib/python3.9/site-packages/telebot/apihelper.py", line 321, in get_updates
    return _make_request(token, method_url, params=payload)
  File "/home/vsmwrurd/virtualenv/ai_registration_engine/3.9/lib/python3.9/site-packages/telebot/apihelper.py", line 162, in _make_request
    json_result = _check_result(method_name, result)
  File "/home/vsmwrurd/virtualenv/ai_registration_engine/3.9/lib/python3.9/site-packages/telebot/apihelper.py", line 189, in _check_result
    raise ApiTelegramException(method_name, result, result_json)
telebot.apihelper.ApiTelegramException: A request to the Telegram API was unsuccessful. Error code: 409. Description: Conflict: terminated by other getUpdates request; make sure that only one bot instance is running
"
2026-07-20 01:19:00,262 (__init__.py:1083 MainThread) ERROR - TeleBot: "Threaded polling exception: A request to the Telegram API was unsuccessful. Error code: 409. Description: Conflict: terminated by other getUpdates request; make sure that only one bot instance is running"
2026-07-20 01:19:00,262 (__init__.py:1085 MainThread) ERROR - TeleBot: "Exception traceback:
Traceback (most recent call last):
  File "/home/vsmwrurd/virtualenv/ai_registration_engine/3.9/lib/python3.9/site-packages/telebot/__init__.py", line 1073, in __threaded_polling
    polling_thread.raise_exceptions()
  File "/home/vsmwrurd/virtualenv/ai_registration_engine/3.9/lib/python3.9/site-packages/telebot/util.py", line 108, in raise_exceptions
    raise self.exception_info
  File "/home/vsmwrurd/virtualenv/ai_registration_engine/3.9/lib/python3.9/site-packages/telebot/util.py", line 90, in run
    task(*args, **kwargs)
  File "/home/vsmwrurd/virtualenv/ai_registration_engine/3.9/lib/python3.9/site-packages/telebot/__init__.py", line 649, in __retrieve_updates
    updates = self.get_updates(offset=(self.last_update_id + 1),
  File "/home/vsmwrurd/virtualenv/ai_registration_engine/3.9/lib/python3.9/site-packages/telebot/__init__.py", line 623, in get_updates
    json_updates = apihelper.get_updates(self.token, offset, limit, timeout, allowed_updates, long_polling_timeout)
  File "/home/vsmwrurd/virtualenv/ai_registration_engine/3.9/lib/python3.9/site-packages/telebot/apihelper.py", line 321, in get_updates
    return _make_request(token, method_url, params=payload)
  File "/home/vsmwrurd/virtualenv/ai_registration_engine/3.9/lib/python3.9/site-packages/telebot/apihelper.py", line 162, in _make_request
    json_result = _check_result(method_name, result)
  File "/home/vsmwrurd/virtualenv/ai_registration_engine/3.9/lib/python3.9/site-packages/telebot/apihelper.py", line 189, in _check_result
    raise ApiTelegramException(method_name, result, result_json)
telebot.apihelper.ApiTelegramException: A request to the Telegram API was unsuccessful. Error code: 409. Description: Conflict: terminated by other getUpdates request; make sure that only one bot instance is running
"
